> pipe1 created
> pipe2 created
> pump1 created
> pump2 created
> pump3 created
> mechanic1 created
> pipe1.nodes = pump1
> pump1.pipes = pipe1
> pipe1.nodes = pump1, pump2
> pump2.pipes = pipe1
> pipe2.nodes = pump2
> pump2.pipes = pipe1, pipe2
> pipe2.nodes = pump2, pump3
> pump3.pipes = pipe2
> pump1.players = mechanic1
> mechanic1.standingOn = pump1
INFO: "Can't move to pump3, it isn't connected here"