> pipe1 created
> spring1 created
> pump1 created
> saboteur1 created
> pipe1.nodes = spring1
> spring1.pipes = pipe1
> pipe1.nodes = spring1, pump1
> pump1.pipes = pipe1
> pipe1.players = saboteur1
> saboteur1.standingOn = pipe1
> pipe1.broken = true
INFO: "pipe1 is already broken"
