> pipe1 created
> pipe2 created
> pump1 created
> pump2 created
> cistern1 created
> mechanic1 created
> pipe1.nodes = pump1
> pump1.pipes = pipe1
> pipe1.nodes = pump1, pump2
> pump2.pipes = pipe1
> pipe2.nodes = pump2
> pump2.pipes = pipe1, pipe2
> pipe2.nodes = pump2, cistern1
> cistern1.pipes = pipe2
> pump2.players = mechanic1
> mechanic1.standingOn = pump2
> mechanic1.heldItems = pipe1
> pipe2.players = mechanic1
> mechanic1.standingOn = pipe2
> pump2.players = null
> cistern1.players = mechanic1
> mechanic1.standingOn = cistern1
> pipe2.players = null
> mechanic1.heldItems = null