> pump1 created
> pump2 created
> pipe1 created
> saboteur1 created
> pipe1.nodes = pump1
> pump1.pipes = pipe1
> pipe1.nodes = pump1, pump2
> pump2.pipes = pipe1
> pipe1.lubricated = true
> pump1.players = saboteur1
> saboteur1.standingOn = pump1
> pipe1.players = saboteur1
> sabpteur1.standingOn = pipe1
> pump1.players = null
> pump2.players = saboteur1
> saboteur1.standingOn = pump2