> pipe1 created
> pipe2 created
> pipe3 created
> pipe4 created
> pump1 created
> pump2 created
> pump3 created
> pump4 created
> pump5 created
> mechanic1 created
> pipe1.nodes = pump5
> pump5.pipes = pipe1
> pipe2.nodes = pump5
> pump5.pipes = pipe1, pipe2
> pipe3.nodes = pump5
> pump5.pipes = pipe1, pipe2, pipe3
> pipe4.nodes = pump5
> pump5.pipes = pipe1, pipe2, pipe3, pipe4
> pipe1.nodes = pump5, pump1
> pump1.pipes = pipe1
> pipe2.nodes = pump5, pump2
> pump2.pipes = pipe2
> pipe3.nodes = pump5, pump3
> pump3.pipes = pipe3
> pipe4.nodes = pump5, pump4
> pump4.pipes = pipe4
> pump5.activeIn = pipe1
> pump5.activeOut = pipe2
> pump5.players = mechanic1
> mechanic1.standingOn = pump5
> mechanic1.standingOn.activeIn = pipe3
> mechanic1.standingOn.activeOut = pipe4