> pipe1 created
> cistern1 created
> spring1 created
> mechanic1 created
> pipe1.nodes = spring1
> spring1.pipes = pipe1
> pipe1.nodes = spring1, cistern1
> cistern1.pipes = pipe1
> genpump1 created
> genpipe1 created
> cistern1.createdPickupables = genpipe1, genpump1
> cistern1.players = mechanic1
> mechanic1.standingOn = cistern1
> mechanic1.heldItems = genpump1
> pipe1.players = mechanic1
> mechanic1.standingOn = pipe1
> cistern1.players = null
> spring1.players = mechanic1
> mechanic1.standingOn = spring1
> pipe1.players = null
INFO: "Can't place it here"